../../Drivers/CMSIS/Include/core_cm7.h:2660:26:ITM_SendChar	16	static,ignoring_inline_asm
../Core/Src/main.c:90:5:main	24	static
../Core/Src/main.c:183:6:SystemClock_Config	120	static
../Core/Src/main.c:242:13:MX_SAI1_Init	8	static
../Core/Src/main.c:292:13:MX_DMA_Init	16	static
../Core/Src/main.c:310:13:MX_GPIO_Init	40	static
../Core/Src/main.c:335:6:HAL_SAI_RxHalfCpltCallback	24	static
../Core/Src/main.c:344:8:HAL_SAI_RxCpltCallback	24	static
../Core/Src/main.c:353:8:ProcessAudioBytes	40	static
../Core/Src/main.c:375:5:_write	32	static
../Core/Src/main.c:390:6:Error_Handler	4	static,ignoring_inline_asm
